*** catbtor: parse error in 'addnlafterfirstarg.in' line 3: expected space after first argument
