*** catbtor: parse error in 'addnospaceafterfirstarg.in' line 2: expected space after first argument
