*** catbtor: parse error in 'andargmismatch.in' line 3: argument lengths do not match
