*** catbtor: parse error in 'andlenospace.in' line 2: expected space after length
