*** catbtor: parse error in 'andoutmismatch.in' line 4: arguments length does not match
