*** catbtor: parse error in 'andtrailspace.in' line 2: unexpected trailing space (after two arguments)
