*** catbtor: parse error in 'argidlarger.in' line 1: argument id too large
