1 array 8 32
2 array 8 32 another-thirty-two-bit-memory
