*** catbtor: parse error in 'arraynoidxlen.in' line 1: length should start with digit
