*** catbtor: parse error in 'arraynospace.in' line 1: expected space or new-line after index length
