*** catbtor: parse error in 'arrayasbv.in' line 3: expected bit-vector argument
