*** catbtor: parse error in 'arraynospaceafterlen.in' line 1: expected space after length
