*** catbtor: parse error in 'arrayinvalidsym.in' line 1: unexpected white-space in symbol
