*** catbtor: parse error in 'implies2ndargundef.in' line 2: undefined argument id
