*** catbtor: parse error in 'latchnospace.in' line 1: expected space or new-line after length
