*** catbtor: parse error in 'maxlen.in' line 1: length exceeds maximum
