*** catbtor: parse error in 'nondigitlen.in' line 1: length should start with digit
