*** catbtor: parse error in 'nor2ndargnospace.in' line 2: expected new-line (after two arguments)
