*** catbtor: parse error in 'onesnospace.in' line 1: expected new-line (after no argument constant)
