*** catbtor: parse error in 'samearg.in' line 1: argument id too large
