*** catbtor: parse error in 'space.in' line 2: unexpected space character at start of line
