*** catbtor: parse error in 'tab.in' line 7: unexpected tab character at start of line
