*** catbtor: parse error in 'undefinedargid.in' line 1: undefined argument id
