*** catbtor: parse error in 'unordered.in' line 2: id out-of-order
