*** catbtor: parse error in 'vareofinsym.in' line 1: unexpected end-of-file in symbol
