*** catbtor: parse error in 'varsymspace.in' line 1: unexpected white-space in symbol
