*** catbtor: parse error in 'zerolen.in' line 1: length should start with non-zero digit
