*** catbtor: parse error in 'zerotrailspace.in' line 1: unexpected space (after no argument constant)
