*** catbtor: parse error in 'zeroargid.in' line 1: id should start with non-zero digit
