*** catbtor: parse error in 'zerowitharg.in' line 1: unexpected space (after no argument constant)
